Archive member included because of file (symbol)

.\CortexM3\ARM_GCC_493\Debug\Tic Tac Toe.a(cyfitter_cfg.o)
                              .\CortexM3\ARM_GCC_493\Debug\Cm3Start.o (cyfitter_cfg)
.\CortexM3\ARM_GCC_493\Debug\Tic Tac Toe.a(CyBootAsmGnu.o)
                              .\CortexM3\ARM_GCC_493\Debug\Tic Tac Toe.a(cyfitter_cfg.o) (CyDelayCycles)
.\CortexM3\ARM_GCC_493\Debug\Tic Tac Toe.a(CyLib.o)
                              .\CortexM3\ARM_GCC_493\Debug\Cm3Start.o (CyResetStatus)
.\CortexM3\ARM_GCC_493\Debug\Tic Tac Toe.a(cyPm.o)
                              .\CortexM3\ARM_GCC_493\Debug\Tic Tac Toe.a(CyLib.o) (CyPmReadStatus)
.\CortexM3\ARM_GCC_493\Debug\Tic Tac Toe.a(LCD.o)
                              .\CortexM3\ARM_GCC_493\Debug\main.o (LCD_WriteControl)
.\CortexM3\ARM_GCC_493\Debug\Tic Tac Toe.a(UART.o)
                              .\CortexM3\ARM_GCC_493\Debug\main.o (UART_Start)
.\CortexM3\ARM_GCC_493\Debug\Tic Tac Toe.a(UART_IntClock.o)
                              .\CortexM3\ARM_GCC_493\Debug\Tic Tac Toe.a(UART.o) (UART_IntClock_Start)
.\CortexM3\ARM_GCC_493\Debug\Tic Tac Toe.a(Pin3.o)
                              .\CortexM3\ARM_GCC_493\Debug\main.o (Pin3_Read)
.\CortexM3\ARM_GCC_493\Debug\Tic Tac Toe.a(PinNoise.o)
                              .\CortexM3\ARM_GCC_493\Debug\tic_tac_all.o (PinNoise_Read)
.\CortexM3\ARM_GCC_493\Debug\Tic Tac Toe.a(CyFlash.o)
                              .\CortexM3\ARM_GCC_493\Debug\Tic Tac Toe.a(cyPm.o) (CyFlash_SetWaitCycles)
.\CortexM3\ARM_GCC_493\Debug\Tic Tac Toe.a(CySpc.o)
                              .\CortexM3\ARM_GCC_493\Debug\Tic Tac Toe.a(CyFlash.o) (CySpcStart)
c:/program files (x86)/cypress/psoc creator/3.3/psoc creator/import/gnu/arm/4.9.3/bin/../lib/gcc/arm-none-eabi/4.9.3/../../../../arm-none-eabi/lib/armv7-m\libg_nano.a(lib_a-errno.o)
                              .\CortexM3\ARM_GCC_493\Debug\Cm3Start.o (__errno)
c:/program files (x86)/cypress/psoc creator/3.3/psoc creator/import/gnu/arm/4.9.3/bin/../lib/gcc/arm-none-eabi/4.9.3/../../../../arm-none-eabi/lib/armv7-m\libg_nano.a(lib_a-exit.o)
                              c:/program files (x86)/cypress/psoc creator/3.3/psoc creator/import/gnu/arm/4.9.3/bin/../lib/gcc/arm-none-eabi/4.9.3/../../../../arm-none-eabi/lib/armv7-m/crt0.o (exit)
c:/program files (x86)/cypress/psoc creator/3.3/psoc creator/import/gnu/arm/4.9.3/bin/../lib/gcc/arm-none-eabi/4.9.3/../../../../arm-none-eabi/lib/armv7-m\libg_nano.a(lib_a-impure.o)
                              c:/program files (x86)/cypress/psoc creator/3.3/psoc creator/import/gnu/arm/4.9.3/bin/../lib/gcc/arm-none-eabi/4.9.3/../../../../arm-none-eabi/lib/armv7-m\libg_nano.a(lib_a-exit.o) (_global_impure_ptr)
c:/program files (x86)/cypress/psoc creator/3.3/psoc creator/import/gnu/arm/4.9.3/bin/../lib/gcc/arm-none-eabi/4.9.3/../../../../arm-none-eabi/lib/armv7-m\libg_nano.a(lib_a-init.o)
                              c:/program files (x86)/cypress/psoc creator/3.3/psoc creator/import/gnu/arm/4.9.3/bin/../lib/gcc/arm-none-eabi/4.9.3/../../../../arm-none-eabi/lib/armv7-m/crt0.o (__libc_init_array)
c:/program files (x86)/cypress/psoc creator/3.3/psoc creator/import/gnu/arm/4.9.3/bin/../lib/gcc/arm-none-eabi/4.9.3/../../../../arm-none-eabi/lib/armv7-m\libg_nano.a(lib_a-malloc.o)
                              .\CortexM3\ARM_GCC_493\Debug\tic_tac_all.o (malloc)
c:/program files (x86)/cypress/psoc creator/3.3/psoc creator/import/gnu/arm/4.9.3/bin/../lib/gcc/arm-none-eabi/4.9.3/../../../../arm-none-eabi/lib/armv7-m\libg_nano.a(lib_a-memcpy.o)
                              .\CortexM3\ARM_GCC_493\Debug\Tic Tac Toe.a(cyfitter_cfg.o) (memcpy)
c:/program files (x86)/cypress/psoc creator/3.3/psoc creator/import/gnu/arm/4.9.3/bin/../lib/gcc/arm-none-eabi/4.9.3/../../../../arm-none-eabi/lib/armv7-m\libg_nano.a(lib_a-memset.o)
                              c:/program files (x86)/cypress/psoc creator/3.3/psoc creator/import/gnu/arm/4.9.3/bin/../lib/gcc/arm-none-eabi/4.9.3/../../../../arm-none-eabi/lib/armv7-m/crt0.o (memset)
c:/program files (x86)/cypress/psoc creator/3.3/psoc creator/import/gnu/arm/4.9.3/bin/../lib/gcc/arm-none-eabi/4.9.3/../../../../arm-none-eabi/lib/armv7-m\libg_nano.a(lib_a-nano-freer.o)
                              c:/program files (x86)/cypress/psoc creator/3.3/psoc creator/import/gnu/arm/4.9.3/bin/../lib/gcc/arm-none-eabi/4.9.3/../../../../arm-none-eabi/lib/armv7-m\libg_nano.a(lib_a-malloc.o) (_free_r)
c:/program files (x86)/cypress/psoc creator/3.3/psoc creator/import/gnu/arm/4.9.3/bin/../lib/gcc/arm-none-eabi/4.9.3/../../../../arm-none-eabi/lib/armv7-m\libg_nano.a(lib_a-nano-mallocr.o)
                              c:/program files (x86)/cypress/psoc creator/3.3/psoc creator/import/gnu/arm/4.9.3/bin/../lib/gcc/arm-none-eabi/4.9.3/../../../../arm-none-eabi/lib/armv7-m\libg_nano.a(lib_a-malloc.o) (_malloc_r)
[...]
Memory Configuration

Name             Origin             Length             Attributes
rom              0x00000000         0x00040000         xr
ram              0x1fff8000         0x00010000         xrw
*default*        0x00000000         0xffffffff

Linker script and memory map

LOAD c:/program files (x86)/cypress/psoc creator/3.3/psoc creator/import/gnu/arm/4.9.3/bin/../lib/gcc/arm-none-eabi/4.9.3/armv7-m/crti.o
LOAD c:/program files (x86)/cypress/psoc creator/3.3/psoc creator/import/gnu/arm/4.9.3/bin/../lib/gcc/arm-none-eabi/4.9.3/armv7-m/crtbegin.o
LOAD c:/program files (x86)/cypress/psoc creator/3.3/psoc creator/import/gnu/arm/4.9.3/bin/../lib/gcc/arm-none-eabi/4.9.3/../../../../arm-none-eabi/lib/armv7-m/crt0.o
START GROUP
LOAD .\CortexM3\ARM_GCC_493\Debug\main.o
LOAD .\CortexM3\ARM_GCC_493\Debug\tic_tac_all.o
LOAD .\CortexM3\ARM_GCC_493\Debug\disp.o
LOAD .\CortexM3\ARM_GCC_493\Debug\8051_read.o
LOAD .\CortexM3\ARM_GCC_493\Debug\tic_tac_toe.o
LOAD .\CortexM3\ARM_GCC_493\Debug\tic_tac_ai.o
LOAD .\CortexM3\ARM_GCC_493\Debug\Cm3Start.o
LOAD .\CortexM3\ARM_GCC_493\Debug\cymetadata.o
LOAD .\CortexM3\ARM_GCC_493\Debug\Tic Tac Toe.a
LOAD C:\Program Files (x86)\Cypress\PSoC Creator\3.3\PSoC Creator\psoc\content\cycomponentlibrary\CyComponentLibrary.cylib\CortexM3\ARM_GCC_493\Debug\CyComponentLibrary.a
END GROUP
START GROUP
LOAD c:/program files (x86)/cypress/psoc creator/3.3/psoc creator/import/gnu/arm/4.9.3/bin/../lib/gcc/arm-none-eabi/4.9.3/armv7-m\libgcc.a
LOAD c:/program files (x86)/cypress/psoc creator/3.3/psoc creator/import/gnu/arm/4.9.3/bin/../lib/gcc/arm-none-eabi/4.9.3/../../../../arm-none-eabi/lib/armv7-m\libg_nano.a
LOAD c:/program files (x86)/cypress/psoc creator/3.3/psoc creator/import/gnu/arm/4.9.3/bin/../lib/gcc/arm-none-eabi/4.9.3/../../../../arm-none-eabi/lib/armv7-m\libc_nano.a
END GROUP
START GROUP
LOAD c:/program files (x86)/cypress/psoc creator/3.3/psoc creator/import/gnu/arm/4.9.3/bin/../lib/gcc/arm-none-eabi/4.9.3/armv7-m\libgcc.a
LOAD c:/program files (x86)/cypress/psoc creator/3.3/psoc creator/import/gnu/arm/4.9.3/bin/../lib/gcc/arm-none-eabi/4.9.3/../../../../arm-none-eabi/lib/armv7-m\libc_nano.a
END GROUP
LOAD c:/program files (x86)/cypress/psoc creator/3.3/psoc creator/import/gnu/arm/4.9.3/bin/../lib/gcc/arm-none-eabi/4.9.3/armv7-m/crtend.o
LOAD c:/program files (x86)/cypress/psoc creator/3.3/psoc creator/import/gnu/arm/4.9.3/bin/../lib/gcc/arm-none-eabi/4.9.3/armv7-m/crtn.o
START GROUP
LOAD c:/program files (x86)/cypress/psoc creator/3.3/psoc creator/import/gnu/arm/4.9.3/bin/../lib/gcc/arm-none-eabi/4.9.3/armv7-m\libgcc.a
LOAD c:/program files (x86)/cypress/psoc creator/3.3/psoc creator/import/gnu/arm/4.9.3/bin/../lib/gcc/arm-none-eabi/4.9.3/../../../../arm-none-eabi/lib/armv7-m\libc.a
LOAD c:/program files (x86)/cypress/psoc creator/3.3/psoc creator/import/gnu/arm/4.9.3/bin/../lib/gcc/arm-none-eabi/4.9.3/../../../../arm-none-eabi/lib/armv7-m\libnosys.a
END GROUP
                0x00000000                CY_APPL_ORIGIN = 0x0
                0x00000100                CY_FLASH_ROW_SIZE = 0x100
                0x00000020                CY_ECC_ROW_SIZE = 0x20
                0x00000000                CY_EE_IN_BTLDR = 0x0
                0x00000000                CY_APPL_LOADABLE = 0x0
                0x00000800                CY_EE_SIZE = 0x800
                0x00000001                CY_APPL_NUM = 0x1
                0x00000001                CY_APPL_MAX = 0x1
                0x00000040                CY_METADATA_SIZE = 0x40
                0x00000000                CY_APPL_LOADABLE = 0x0
                0x00000000                CY_CHECKSUM_EXCLUDE_SIZE = ALIGN (0x0, CY_FLASH_ROW_SIZE)
                0x1fff8140                PROVIDE (__cy_heap_start, _end)
                0x00000001                PROVIDE (__cy_region_num, ((__cy_regions_end - __cy_regions) / 0x10))
                0x20008000                PROVIDE (__cy_stack, (ORIGIN (ram) + 0x10000))
                0x20004000                PROVIDE (__cy_heap_end, (__cy_stack - 0x4000))

.cybootloader   0x00000000        0x0
 *(.cybootloader)
                0x00000000                appl1_start = CY_APPL_ORIGIN?CY_APPL_ORIGIN:ALIGN (CY_FLASH_ROW_SIZE)
                0x0001ff00                appl2_start = (appl1_start + ALIGN ((((0x40000 - appl1_start) - (0x2 * CY_FLASH_ROW_SIZE)) / 0x2), CY_FLASH_ROW_SIZE))
                0x00000000                appl_start = (CY_APPL_NUM == 0x1)?appl1_start:appl2_start
                0x00000000                ecc_offset = ((appl_start / CY_FLASH_ROW_SIZE) * CY_ECC_ROW_SIZE)
                0x00000000                ee_offset = (CY_APPL_LOADABLE && ! (CY_EE_IN_BTLDR))?((CY_EE_SIZE / CY_APPL_MAX) * (CY_APPL_NUM - 0x1)):0x0
                0x00000800                ee_size = (CY_APPL_LOADABLE && ! (CY_EE_IN_BTLDR))?(CY_EE_SIZE / CY_APPL_MAX):CY_EE_SIZE
                0x00000000                PROVIDE (CY_ECC_OFFSET, ecc_offset)

.text           0x00000000      0xbd6
 CREATE_OBJECT_SYMBOLS
                0x00000000                PROVIDE (__cy_interrupt_vector, RomVectors)
 *(.romvectors)
 .romvectors    0x00000000       0x10 .\CortexM3\ARM_GCC_493\Debug\Cm3Start.o
                0x00000000                RomVectors
                0x00000001                ASSERT ((. != __cy_interrupt_vector), No interrupt vector)
                0x00000001                ASSERT (CY_APPL_ORIGIN?(SIZEOF (.cybootloader) <= CY_APPL_ORIGIN):0x1, Wrong image location)
                0x00000010                PROVIDE (__cy_reset, Reset)
 *(.text.Reset)
 .text.Reset    0x00000010       0x18 .\CortexM3\ARM_GCC_493\Debug\Cm3Start.o
                0x00000010                Reset
                0x00000001                ASSERT ((. != __cy_reset), No reset code)
 *(.dma_init)
                0x00000001                ASSERT ((((appl_start + .) <= 0x10000) || 0x1), DMA Init must be within the first 64k of flash)
 *(.text .text.* .gnu.linkonce.t.*)
 .text          0x00000028       0x5c c:/program files (x86)/cypress/psoc creator/3.3/psoc creator/import/gnu/arm/4.9.3/bin/../lib/gcc/arm-none-eabi/4.9.3/armv7-m/crtbegin.o
 .text.main     0x00000084        0xc .\CortexM3\ARM_GCC_493\Debug\main.o
                0x00000084                main
 .text.main_test_disp
                0x00000090       0x4c .\CortexM3\ARM_GCC_493\Debug\main.o
                0x00000090                main_test_disp
 .text.waiter   0x000000dc       0x4c .\CortexM3\ARM_GCC_493\Debug\disp.o
                0x000000dc                waiter
 .text.IntDefaultHandler
                0x00000128        0x8 .\CortexM3\ARM_GCC_493\Debug\Cm3Start.o
                0x00000128                IntDefaultHandler
 .text.Start_c  0x00000130       0x98 .\CortexM3\ARM_GCC_493\Debug\Cm3Start.o
                0x00000130                Start_c
 .text.initialize_psoc
                0x000001c8       0x8c .\CortexM3\ARM_GCC_493\Debug\Cm3Start.o
                0x000001c8                initialize_psoc
 .text.CYMEMZERO
                0x00000254       0x1c .\CortexM3\ARM_GCC_493\Debug\Tic Tac Toe.a(cyfitter_cfg.o)
 .text.CYCONFIGCPY
                0x00000270       0x1c .\CortexM3\ARM_GCC_493\Debug\Tic Tac Toe.a(cyfitter_cfg.o)
 .text.CyClockStartupError
                0x0000028c        0xc .\CortexM3\ARM_GCC_493\Debug\Tic Tac Toe.a(cyfitter_cfg.o)
 .text.cfg_write_bytes32
                0x00000298       0x74 .\CortexM3\ARM_GCC_493\Debug\Tic Tac Toe.a(cyfitter_cfg.o)
 .text.ClockSetup
                0x0000030c      0x114 .\CortexM3\ARM_GCC_493\Debug\Tic Tac Toe.a(cyfitter_cfg.o)
 .text.AnalogSetDefault
                0x00000420       0x44 .\CortexM3\ARM_GCC_493\Debug\Tic Tac Toe.a(cyfitter_cfg.o)
 .text.cyfitter_cfg
                0x00000464      0x1a0 .\CortexM3\ARM_GCC_493\Debug\Tic Tac Toe.a(cyfitter_cfg.o)
                0x00000464                cyfitter_cfg
 *fill*         0x00000604        0x4 
 .text          0x00000608       0x20 .\CortexM3\ARM_GCC_493\Debug\Tic Tac Toe.a(CyBootAsmGnu.o)
                0x00000608                CyDelayCycles
                0x00000618                CyEnterCriticalSection
                0x00000620                CyExitCriticalSection
 .text.CyDelay  0x00000628       0x44 .\CortexM3\ARM_GCC_493\Debug\Tic Tac Toe.a(CyLib.o)
                0x00000628                CyDelay
 .text.CyDelayUs
                0x0000066c       0x24 .\CortexM3\ARM_GCC_493\Debug\Tic Tac Toe.a(CyLib.o)
                0x0000066c                CyDelayUs
 .text.LCD_Init
                0x00000690       0x6c .\CortexM3\ARM_GCC_493\Debug\Tic Tac Toe.a(LCD.o)
                0x00000690                LCD_Init
 .text.LCD_Enable
                0x000006fc       0x18 .\CortexM3\ARM_GCC_493\Debug\Tic Tac Toe.a(LCD.o)
                0x000006fc                LCD_Enable
 .text.LCD_Start
                0x00000714       0x20 .\CortexM3\ARM_GCC_493\Debug\Tic Tac Toe.a(LCD.o)
                0x00000714                LCD_Start
 .text.LCD_Position
                0x00000734       0x6c .\CortexM3\ARM_GCC_493\Debug\Tic Tac Toe.a(LCD.o)
                0x00000734                LCD_Position
 .text.LCD_PrintString
                0x000007a0       0x38 .\CortexM3\ARM_GCC_493\Debug\Tic Tac Toe.a(LCD.o)
                0x000007a0                LCD_PrintString
 .text.LCD_PutChar
                0x000007d8       0x18 .\CortexM3\ARM_GCC_493\Debug\Tic Tac Toe.a(LCD.o)
                0x000007d8                LCD_PutChar
 .text.LCD_WriteData
                0x000007f0       0x34 .\CortexM3\ARM_GCC_493\Debug\Tic Tac Toe.a(LCD.o)
                0x000007f0                LCD_WriteData
 .text.LCD_WriteControl
                0x00000824       0x34 .\CortexM3\ARM_GCC_493\Debug\Tic Tac Toe.a(LCD.o)
                0x00000824                LCD_WriteControl
 .text.LCD_IsReady
                0x00000858      0x178 .\CortexM3\ARM_GCC_493\Debug\Tic Tac Toe.a(LCD.o)
                0x00000858                LCD_IsReady
 .text.LCD_WrDatNib
                0x000009d0       0x78 .\CortexM3\ARM_GCC_493\Debug\Tic Tac Toe.a(LCD.o)
 .text.LCD_WrCntrlNib
                0x00000a48       0x60 .\CortexM3\ARM_GCC_493\Debug\Tic Tac Toe.a(LCD.o)
 .text.LCD_PrintU32Number
                0x00000aa8       0xa4 .\CortexM3\ARM_GCC_493\Debug\Tic Tac Toe.a(LCD.o)
                0x00000aa8                LCD_PrintU32Number
 .text.Pin3_Read
                0x00000b4c       0x18 .\CortexM3\ARM_GCC_493\Debug\Tic Tac Toe.a(Pin3.o)
                0x00000b4c                Pin3_Read
 .text.__libc_init_array
                0x00000b64       0x4c c:/program files (x86)/cypress/psoc creator/3.3/psoc creator/import/gnu/arm/4.9.3/bin/../lib/gcc/arm-none-eabi/4.9.3/../../../../arm-none-eabi/lib/armv7-m\libg_nano.a(lib_a-init.o)
                0x00000b64                __libc_init_array
 .text.memcpy   0x00000bb0       0x16 c:/program files (x86)/cypress/psoc creator/3.3/psoc creator/import/gnu/arm/4.9.3/bin/../lib/gcc/arm-none-eabi/4.9.3/../../../../arm-none-eabi/lib/armv7-m\libg_nano.a(lib_a-memcpy.o)
                0x00000bb0                memcpy
 .text.memset   0x00000bc6       0x10 c:/program files (x86)/cypress/psoc creator/3.3/psoc creator/import/gnu/arm/4.9.3/bin/../lib/gcc/arm-none-eabi/4.9.3/../../../../arm-none-eabi/lib/armv7-m\libg_nano.a(lib_a-memset.o)
                0x00000bc6                memset
 *(.plt)
 *(.gnu.warning)
 *(.glue_7t)
 .glue_7t       0x00000000        0x0 linker stubs
 *(.glue_7)
 .glue_7        0x00000000        0x0 linker stubs
 *(.vfp11_veneer)
 .vfp11_veneer  0x00000000        0x0 linker stubs
 *(.bootloader)
 *(.ARM.extab* .gnu.linkonce.armextab.*)
 *(.gcc_except_table)

.v4_bx          0x00000bd8        0x0
 .v4_bx         0x00000000        0x0 linker stubs

.iplt           0x00000bd8        0x0
 .iplt          0x00000000        0x0 c:/program files (x86)/cypress/psoc creator/3.3/psoc creator/import/gnu/arm/4.9.3/bin/../lib/gcc/arm-none-eabi/4.9.3/armv7-m/crtbegin.o

.eh_frame_hdr
 *(.eh_frame_hdr)

.eh_frame       0x00000bd8        0x4
 *(.eh_frame)
 .eh_frame      0x00000bd8        0x0 c:/program files (x86)/cypress/psoc creator/3.3/psoc creator/import/gnu/arm/4.9.3/bin/../lib/gcc/arm-none-eabi/4.9.3/armv7-m/crtbegin.o
 .eh_frame      0x00000bd8        0x4 c:/program files (x86)/cypress/psoc creator/3.3/psoc creator/import/gnu/arm/4.9.3/bin/../lib/gcc/arm-none-eabi/4.9.3/armv7-m/crtend.o
                0x00000bdc                PROVIDE (__exidx_start, .)

.ARM.exidx
 *(.ARM.exidx* .gnu.linkonce.armexidx.*)
                0x00000bdc                __exidx_end = .

.rodata         0x00000bdc       0xa4
 *(.rodata .rodata.* .gnu.linkonce.r.*)
 .rodata        0x00000bdc       0x28 .\CortexM3\ARM_GCC_493\Debug\main.o
 .rodata        0x00000c04       0x44 .\CortexM3\ARM_GCC_493\Debug\Tic Tac Toe.a(cyfitter_cfg.o)
                0x00000c48                . = ALIGN (0x4)
 *(.init)
 .init          0x00000c48        0x4 c:/program files (x86)/cypress/psoc creator/3.3/psoc creator/import/gnu/arm/4.9.3/bin/../lib/gcc/arm-none-eabi/4.9.3/armv7-m/crti.o
                0x00000c48                _init
 .init          0x00000c4c        0x8 c:/program files (x86)/cypress/psoc creator/3.3/psoc creator/import/gnu/arm/4.9.3/bin/../lib/gcc/arm-none-eabi/4.9.3/armv7-m/crtn.o
                0x00000c54                . = ALIGN (0x4)
                0x00000c54                __preinit_array_start = .
 *(.preinit_array)
                0x00000c54                __preinit_array_end = .
                0x00000c54                . = ALIGN (0x4)
                0x00000c54                __init_array_start = .
 *(SORT(.init_array.*))
 *(.init_array)
 .init_array    0x00000c54        0x4 c:/program files (x86)/cypress/psoc creator/3.3/psoc creator/import/gnu/arm/4.9.3/bin/../lib/gcc/arm-none-eabi/4.9.3/armv7-m/crtbegin.o
 .init_array    0x00000c58        0x4 .\CortexM3\ARM_GCC_493\Debug\Cm3Start.o
                0x00000c5c                __init_array_end = .
                0x00000c5c                . = ALIGN (0x4)
 *(.fini)
 .fini          0x00000c5c        0x4 c:/program files (x86)/cypress/psoc creator/3.3/psoc creator/import/gnu/arm/4.9.3/bin/../lib/gcc/arm-none-eabi/4.9.3/armv7-m/crti.o
                0x00000c5c                _fini
 .fini          0x00000c60        0x8 c:/program files (x86)/cypress/psoc creator/3.3/psoc creator/import/gnu/arm/4.9.3/bin/../lib/gcc/arm-none-eabi/4.9.3/armv7-m/crtn.o
                0x00000c68                . = ALIGN (0x4)
                0x00000c68                __fini_array_start = .
 *(.fini_array)
 .fini_array    0x00000c68        0x4 c:/program files (x86)/cypress/psoc creator/3.3/psoc creator/import/gnu/arm/4.9.3/bin/../lib/gcc/arm-none-eabi/4.9.3/armv7-m/crtbegin.o
 *(SORT(.fini_array.*))
                0x00000c6c                __fini_array_end = .
                0x00000c6c                . = ALIGN (0x4)
 *crtbegin.o(.ctors)
 *(EXCLUDE_FILE(*crtend.o) .ctors)
 *(SORT(.ctors.*))
 *crtend.o(.ctors)
                0x00000c6c                . = ALIGN (0x4)
 *crtbegin.o(.dtors)
 *(EXCLUDE_FILE(*crtend.o) .dtors)
 *(SORT(.dtors.*))
 *crtend.o(.dtors)
                0x00000c6c                . = ALIGN (0x4)
                0x00000c6c                __cy_regions = .
                0x00000c6c        0x4 LONG 0xc80 __cy_region_init_ram
                0x00000c70        0x4 LONG 0x1fff8108 __cy_region_start_data
                0x00000c74        0x4 LONG 0x18 __cy_region_init_size_ram
                0x00000c78        0x4 LONG 0x20 __cy_region_zero_size_ram
                0x00000c7c                __cy_regions_end = .
                0x00000c80                . = ALIGN (0x8)
 *fill*         0x00000c7c        0x4 
                0x00000c80                _etext = .

.cy_checksum_exclude
                0x00000c80        0x0
 *(.cy_checksum_exclude)

.ramvectors     0x1fff8000      0x100
                0x1fff8000                __cy_region_start_ram = .
 *(.ramvectors)
 .ramvectors    0x1fff8000      0x100 .\CortexM3\ARM_GCC_493\Debug\Cm3Start.o
                0x1fff8000                CyRamVectors

.noinit         0x1fff8100        0x5
 *(.noinit)
 .noinit        0x1fff8100        0x4 .\CortexM3\ARM_GCC_493\Debug\Cm3Start.o
 .noinit        0x1fff8104        0x1 .\CortexM3\ARM_GCC_493\Debug\Tic Tac Toe.a(CyLib.o)
                0x1fff8104                CyResetStatus

.data           0x1fff8108       0x18 load address 0x00000c80
                0x1fff8108                __cy_region_start_data = .
 *(.jcr)
 .jcr           0x1fff8108        0x0 c:/program files (x86)/cypress/psoc creator/3.3/psoc creator/import/gnu/arm/4.9.3/bin/../lib/gcc/arm-none-eabi/4.9.3/armv7-m/crtbegin.o
 .jcr           0x1fff8108        0x4 c:/program files (x86)/cypress/psoc creator/3.3/psoc creator/import/gnu/arm/4.9.3/bin/../lib/gcc/arm-none-eabi/4.9.3/armv7-m/crtend.o
 *(.got.plt)
 *(.got)
 *(.shdata)
 *(.data .data.* .gnu.linkonce.d.*)
 .data          0x1fff810c       0x10 .\CortexM3\ARM_GCC_493\Debug\Tic Tac Toe.a(CyLib.o)
                0x1fff810c                cydelay_freq_hz
                0x1fff8110                cydelay_freq_khz
                0x1fff8114                cydelay_freq_mhz
                0x1fff8118                cydelay_32k_ms
                0x1fff8120                . = ALIGN (0x8)
 *fill*         0x1fff811c        0x4 
 *(.ram)
                0x1fff8120                _edata = .

.igot.plt       0x1fff8120        0x0 load address 0x00000c98
 .igot.plt      0x00000000        0x0 c:/program files (x86)/cypress/psoc creator/3.3/psoc creator/import/gnu/arm/4.9.3/bin/../lib/gcc/arm-none-eabi/4.9.3/armv7-m/crtbegin.o

.bss            0x1fff8120       0x20 load address 0x00000c98
                0x1fff8120                PROVIDE (__bss_start__, .)
 *(.shbss)
 *(.bss .bss.* .gnu.linkonce.b.*)
 .bss           0x1fff8120       0x1c c:/program files (x86)/cypress/psoc creator/3.3/psoc creator/import/gnu/arm/4.9.3/bin/../lib/gcc/arm-none-eabi/4.9.3/armv7-m/crtbegin.o
 .bss           0x1fff813c        0x2 .\CortexM3\ARM_GCC_493\Debug\Tic Tac Toe.a(LCD.o)
                0x1fff813c                LCD_enableState
                0x1fff813d                LCD_initVar
 *(COMMON)
                0x1fff8140                . = ALIGN (0x8)
 *fill*         0x1fff813e        0x2 
 *(.ram.b)
                0x1fff8140                _end = .
                0x1fff8140                __end = .
                0x1fff8140                PROVIDE (end, .)
                0x1fff8140                PROVIDE (__bss_end__, .)
                0x00000c80                __cy_region_init_ram = LOADADDR (.data)
                0x00000018                __cy_region_init_size_ram = (_edata - ADDR (.data))
                0x00000020                __cy_region_zero_size_ram = (_end - _edata)

.heap           0x1fff8140     0x1000 load address 0x00000c98
                0x1fff8140                . = _end
                0x1fff9140                . = (. + 0x1000)
 *fill*         0x1fff8140     0x1000 
                0x1fff9140                __cy_heap_limit = .

.stack          0x20004000     0x4000
                0x20004000                __cy_stack_limit = .
                0x20008000                . = (. + 0x4000)
 *fill*         0x20004000     0x4000 
                0x00000001                ASSERT ((__cy_stack_limit >= __cy_heap_limit), region RAM overflowed with stack)
                0x00000000                cy_checksum_exclude_size = (CY_APPL_LOADABLE == 0x1)?SIZEOF (.cy_checksum_exclude):0x0
                0x00000001                ASSERT ((cy_checksum_exclude_size <= CY_CHECKSUM_EXCLUDE_SIZE), CY_BOOT: Section .cy_checksum_exclude size exceedes specified limit.)

.cyloadermeta
 *(.cyloadermeta)

.cyloadablemeta
 *(.cyloadablemeta)

.cyconfigecc    0x80000000      0x354
 *(.cyconfigecc)
 .cyconfigecc   0x80000000      0x354 .\CortexM3\ARM_GCC_493\Debug\cymetadata.o
                0x80000000                cy_meta_configecc

.cycustnvl      0x90000000        0x4
 *(.cycustnvl)
 .cycustnvl     0x90000000        0x4 .\CortexM3\ARM_GCC_493\Debug\cymetadata.o
                0x90000000                cy_meta_custnvl

.cywolatch      0x90100000        0x4
 *(.cywolatch)
 .cywolatch     0x90100000        0x4 .\CortexM3\ARM_GCC_493\Debug\cymetadata.o
                0x90100000                cy_meta_wonvl

.cyeeprom       0x90200000        0x0
 *(.cyeeprom)
                0x00000001                ASSERT ((. <= ((0x90200000 + ee_offset) + ee_size)), .cyeeprom data will not fit in EEPROM)

.cyflashprotect
                0x90400000      0x100
 *(.cyflashprotect)
 .cyflashprotect
                0x90400000      0x100 .\CortexM3\ARM_GCC_493\Debug\cymetadata.o
                0x90400000                cy_meta_flashprotect

.cymeta         0x90500000        0xc
 *(.cymeta)
 .cymeta        0x90500000        0xc .\CortexM3\ARM_GCC_493\Debug\cymetadata.o
                0x90500000                cy_metadata

.rel.dyn        0x00000c98        0x0 load address 0x9050000c
 .rel.iplt      0x00000000        0x0 c:/program files (x86)/cypress/psoc creator/3.3/psoc creator/import/gnu/arm/4.9.3/bin/../lib/gcc/arm-none-eabi/4.9.3/armv7-m/crtbegin.o

.stab           0x00000000       0x9c
 *(.stab)
 .stab          0x00000000       0x24 c:/program files (x86)/cypress/psoc creator/3.3/psoc creator/import/gnu/arm/4.9.3/bin/../lib/gcc/arm-none-eabi/4.9.3/../../../../arm-none-eabi/lib/armv7-m\libnosys.a(close.o)
 .stab          0x00000024       0x18 c:/program files (x86)/cypress/psoc creator/3.3/psoc creator/import/gnu/arm/4.9.3/bin/../lib/gcc/arm-none-eabi/4.9.3/../../../../arm-none-eabi/lib/armv7-m\libnosys.a(fstat.o)
                                 0x24 (size before relaxing)
 .stab          0x0000003c       0x18 c:/program files (x86)/cypress/psoc creator/3.3/psoc creator/import/gnu/arm/4.9.3/bin/../lib/gcc/arm-none-eabi/4.9.3/../../../../arm-none-eabi/lib/armv7-m\libnosys.a(isatty.o)
                                 0x24 (size before relaxing)
 .stab          0x00000054       0x18 c:/program files (x86)/cypress/psoc creator/3.3/psoc creator/import/gnu/arm/4.9.3/bin/../lib/gcc/arm-none-eabi/4.9.3/../../../../arm-none-eabi/lib/armv7-m\libnosys.a(lseek.o)
                                 0x24 (size before relaxing)
 .stab          0x0000006c       0x18 c:/program files (x86)/cypress/psoc creator/3.3/psoc creator/import/gnu/arm/4.9.3/bin/../lib/gcc/arm-none-eabi/4.9.3/../../../../arm-none-eabi/lib/armv7-m\libnosys.a(read.o)
                                 0x24 (size before relaxing)
 .stab          0x00000084       0x18 c:/program files (x86)/cypress/psoc creator/3.3/psoc creator/import/gnu/arm/4.9.3/bin/../lib/gcc/arm-none-eabi/4.9.3/../../../../arm-none-eabi/lib/armv7-m\libnosys.a(write.o)
                                 0x24 (size before relaxing)

.stabstr        0x00000000      0x14d
 *(.stabstr)
 .stabstr       0x00000000      0x14d c:/program files (x86)/cypress/psoc creator/3.3/psoc creator/import/gnu/arm/4.9.3/bin/../lib/gcc/arm-none-eabi/4.9.3/../../../../arm-none-eabi/lib/armv7-m\libnosys.a(close.o)

.debug
 *(.debug)

.line
 *(.line)

.debug_srcinfo
 *(.debug_srcinfo)

.debug_sfnames
 *(.debug_sfnames)

.debug_aranges  0x00000000      0x8e8
 *(.debug_aranges)
 .debug_aranges
                0x00000000       0x38 .\CortexM3\ARM_GCC_493\Debug\main.o
 .debug_aranges
                0x00000038       0xc0 .\CortexM3\ARM_GCC_493\Debug\tic_tac_all.o
 .debug_aranges
                0x000000f8       0x58 .\CortexM3\ARM_GCC_493\Debug\disp.o
 .debug_aranges
                0x00000150       0x28 .\CortexM3\ARM_GCC_493\Debug\8051_read.o
 .debug_aranges
                0x00000178       0x48 .\CortexM3\ARM_GCC_493\Debug\Cm3Start.o
 .debug_aranges
                0x000001c0       0x18 .\CortexM3\ARM_GCC_493\Debug\cymetadata.o
 .debug_aranges
                0x000001d8       0x60 .\CortexM3\ARM_GCC_493\Debug\Tic Tac Toe.a(cyfitter_cfg.o)
 .debug_aranges
                0x00000238       0x20 .\CortexM3\ARM_GCC_493\Debug\Tic Tac Toe.a(CyBootAsmGnu.o)
 .debug_aranges
                0x00000258      0x298 .\CortexM3\ARM_GCC_493\Debug\Tic Tac Toe.a(CyLib.o)
 .debug_aranges
                0x000004f0       0x98 .\CortexM3\ARM_GCC_493\Debug\Tic Tac Toe.a(cyPm.o)
 .debug_aranges
                0x00000588       0x98 .\CortexM3\ARM_GCC_493\Debug\Tic Tac Toe.a(LCD.o)
 .debug_aranges
                0x00000620       0xf0 .\CortexM3\ARM_GCC_493\Debug\Tic Tac Toe.a(UART.o)
 .debug_aranges
                0x00000710       0x70 .\CortexM3\ARM_GCC_493\Debug\Tic Tac Toe.a(UART_IntClock.o)
 .debug_aranges
                0x00000780       0x38 .\CortexM3\ARM_GCC_493\Debug\Tic Tac Toe.a(Pin3.o)
 .debug_aranges
                0x000007b8       0x38 .\CortexM3\ARM_GCC_493\Debug\Tic Tac Toe.a(PinNoise.o)
 .debug_aranges
                0x000007f0       0x80 .\CortexM3\ARM_GCC_493\Debug\Tic Tac Toe.a(CyFlash.o)
 .debug_aranges
                0x00000870       0x78 .\CortexM3\ARM_GCC_493\Debug\Tic Tac Toe.a(CySpc.o)

.debug_pubnames
 *(.debug_pubnames)

.debug_info     0x00000000     0x42d0
 *(.debug_info .gnu.linkonce.wi.*)
 .debug_info    0x00000000      0x2f7 .\CortexM3\ARM_GCC_493\Debug\main.o
 .debug_info    0x000002f7      0x949 .\CortexM3\ARM_GCC_493\Debug\tic_tac_all.o
 .debug_info    0x00000c40      0x349 .\CortexM3\ARM_GCC_493\Debug\disp.o
 .debug_info    0x00000f89      0x132 .\CortexM3\ARM_GCC_493\Debug\8051_read.o
 .debug_info    0x000010bb      0x319 .\CortexM3\ARM_GCC_493\Debug\Cm3Start.o
 .debug_info    0x000013d4      0x13b .\CortexM3\ARM_GCC_493\Debug\cymetadata.o
 .debug_info    0x0000150f      0x44b .\CortexM3\ARM_GCC_493\Debug\Tic Tac Toe.a(cyfitter_cfg.o)
 .debug_info    0x0000195a       0xb5 .\CortexM3\ARM_GCC_493\Debug\Tic Tac Toe.a(CyBootAsmGnu.o)
 .debug_info    0x00001a0f      0xe36 .\CortexM3\ARM_GCC_493\Debug\Tic Tac Toe.a(CyLib.o)
 .debug_info    0x00002845      0x562 .\CortexM3\ARM_GCC_493\Debug\Tic Tac Toe.a(cyPm.o)
 .debug_info    0x00002da7      0x3c8 .\CortexM3\ARM_GCC_493\Debug\Tic Tac Toe.a(LCD.o)
 .debug_info    0x0000316f      0x503 .\CortexM3\ARM_GCC_493\Debug\Tic Tac Toe.a(UART.o)
 .debug_info    0x00003672      0x25d .\CortexM3\ARM_GCC_493\Debug\Tic Tac Toe.a(UART_IntClock.o)
 .debug_info    0x000038cf      0x11e .\CortexM3\ARM_GCC_493\Debug\Tic Tac Toe.a(Pin3.o)
 .debug_info    0x000039ed      0x11e .\CortexM3\ARM_GCC_493\Debug\Tic Tac Toe.a(PinNoise.o)
 .debug_info    0x00003b0b      0x36c .\CortexM3\ARM_GCC_493\Debug\Tic Tac Toe.a(CyFlash.o)
 .debug_info    0x00003e77      0x459 .\CortexM3\ARM_GCC_493\Debug\Tic Tac Toe.a(CySpc.o)

.debug_abbrev   0x00000000     0x13b9
 *(.debug_abbrev)
 .debug_abbrev  0x00000000       0xf6 .\CortexM3\ARM_GCC_493\Debug\main.o
 .debug_abbrev  0x000000f6      0x25a .\CortexM3\ARM_GCC_493\Debug\tic_tac_all.o
 .debug_abbrev  0x00000350       0xf6 .\CortexM3\ARM_GCC_493\Debug\disp.o
 .debug_abbrev  0x00000446       0xc8 .\CortexM3\ARM_GCC_493\Debug\8051_read.o
 .debug_abbrev  0x0000050e      0x1b6 .\CortexM3\ARM_GCC_493\Debug\Cm3Start.o
 .debug_abbrev  0x000006c4       0x66 .\CortexM3\ARM_GCC_493\Debug\cymetadata.o
 .debug_abbrev  0x0000072a      0x1b7 .\CortexM3\ARM_GCC_493\Debug\Tic Tac Toe.a(cyfitter_cfg.o)
 .debug_abbrev  0x000008e1       0x14 .\CortexM3\ARM_GCC_493\Debug\Tic Tac Toe.a(CyBootAsmGnu.o)
 .debug_abbrev  0x000008f5      0x217 .\CortexM3\ARM_GCC_493\Debug\Tic Tac Toe.a(CyLib.o)
 .debug_abbrev  0x00000b0c      0x161 .\CortexM3\ARM_GCC_493\Debug\Tic Tac Toe.a(cyPm.o)
 .debug_abbrev  0x00000c6d      0x120 .\CortexM3\ARM_GCC_493\Debug\Tic Tac Toe.a(LCD.o)
 .debug_abbrev  0x00000d8d      0x163 .\CortexM3\ARM_GCC_493\Debug\Tic Tac Toe.a(UART.o)
 .debug_abbrev  0x00000ef0      0x11d .\CortexM3\ARM_GCC_493\Debug\Tic Tac Toe.a(UART_IntClock.o)
 .debug_abbrev  0x0000100d       0x90 .\CortexM3\ARM_GCC_493\Debug\Tic Tac Toe.a(Pin3.o)
 .debug_abbrev  0x0000109d       0x90 .\CortexM3\ARM_GCC_493\Debug\Tic Tac Toe.a(PinNoise.o)
 .debug_abbrev  0x0000112d      0x120 .\CortexM3\ARM_GCC_493\Debug\Tic Tac Toe.a(CyFlash.o)
 .debug_abbrev  0x0000124d      0x16c .\CortexM3\ARM_GCC_493\Debug\Tic Tac Toe.a(CySpc.o)

.debug_line     0x00000000     0x29f1
 *(.debug_line)
 .debug_line    0x00000000      0x229 .\CortexM3\ARM_GCC_493\Debug\main.o
 .debug_line    0x00000229      0x72c .\CortexM3\ARM_GCC_493\Debug\tic_tac_all.o
 .debug_line    0x00000955      0x292 .\CortexM3\ARM_GCC_493\Debug\disp.o
 .debug_line    0x00000be7      0x18e .\CortexM3\ARM_GCC_493\Debug\8051_read.o
 .debug_line    0x00000d75        0x0 .\CortexM3\ARM_GCC_493\Debug\tic_tac_toe.o
 .debug_line    0x00000d75        0x0 .\CortexM3\ARM_GCC_493\Debug\tic_tac_ai.o
 .debug_line    0x00000d75      0x1d6 .\CortexM3\ARM_GCC_493\Debug\Cm3Start.o
 .debug_line    0x00000f4b       0x53 .\CortexM3\ARM_GCC_493\Debug\cymetadata.o
 .debug_line    0x00000f9e      0x21d .\CortexM3\ARM_GCC_493\Debug\Tic Tac Toe.a(cyfitter_cfg.o)
 .debug_line    0x000011bb       0x68 .\CortexM3\ARM_GCC_493\Debug\Tic Tac Toe.a(CyBootAsmGnu.o)
 .debug_line    0x00001223      0x872 .\CortexM3\ARM_GCC_493\Debug\Tic Tac Toe.a(CyLib.o)
 .debug_line    0x00001a95      0x381 .\CortexM3\ARM_GCC_493\Debug\Tic Tac Toe.a(cyPm.o)
 .debug_line    0x00001e16      0x1e3 .\CortexM3\ARM_GCC_493\Debug\Tic Tac Toe.a(LCD.o)
 .debug_line    0x00001ff9      0x2e4 .\CortexM3\ARM_GCC_493\Debug\Tic Tac Toe.a(UART.o)
 .debug_line    0x000022dd      0x1c1 .\CortexM3\ARM_GCC_493\Debug\Tic Tac Toe.a(UART_IntClock.o)
 .debug_line    0x0000249e       0x9c .\CortexM3\ARM_GCC_493\Debug\Tic Tac Toe.a(Pin3.o)
 .debug_line    0x0000253a       0x99 .\CortexM3\ARM_GCC_493\Debug\Tic Tac Toe.a(PinNoise.o)
 .debug_line    0x000025d3      0x207 .\CortexM3\ARM_GCC_493\Debug\Tic Tac Toe.a(CyFlash.o)
 .debug_line    0x000027da      0x217 .\CortexM3\ARM_GCC_493\Debug\Tic Tac Toe.a(CySpc.o)

.debug_frame    0x00000000     0x3080
 *(.debug_frame)
 .debug_frame   0x00000000       0xa4 .\CortexM3\ARM_GCC_493\Debug\main.o
 .debug_frame   0x000000a4      0x364 .\CortexM3\ARM_GCC_493\Debug\tic_tac_all.o
 .debug_frame   0x00000408      0x150 .\CortexM3\ARM_GCC_493\Debug\disp.o
 .debug_frame   0x00000558       0x60 .\CortexM3\ARM_GCC_493\Debug\8051_read.o
 .debug_frame   0x000005b8       0xd8 .\CortexM3\ARM_GCC_493\Debug\Cm3Start.o
 .debug_frame   0x00000690      0x16c .\CortexM3\ARM_GCC_493\Debug\Tic Tac Toe.a(cyfitter_cfg.o)
 .debug_frame   0x000007fc      0xbe8 .\CortexM3\ARM_GCC_493\Debug\Tic Tac Toe.a(CyLib.o)
 .debug_frame   0x000013e4      0x234 .\CortexM3\ARM_GCC_493\Debug\Tic Tac Toe.a(cyPm.o)
 .debug_frame   0x00001618      0x260 .\CortexM3\ARM_GCC_493\Debug\Tic Tac Toe.a(LCD.o)
 .debug_frame   0x00001878      0x42c .\CortexM3\ARM_GCC_493\Debug\Tic Tac Toe.a(UART.o)
 .debug_frame   0x00001ca4      0x1b4 .\CortexM3\ARM_GCC_493\Debug\Tic Tac Toe.a(UART_IntClock.o)
 .debug_frame   0x00001e58       0xa8 .\CortexM3\ARM_GCC_493\Debug\Tic Tac Toe.a(Pin3.o)
 .debug_frame   0x00001f00       0xa8 .\CortexM3\ARM_GCC_493\Debug\Tic Tac Toe.a(PinNoise.o)
 .debug_frame   0x00001fa8      0x210 .\CortexM3\ARM_GCC_493\Debug\Tic Tac Toe.a(CyFlash.o)
 .debug_frame   0x000021b8      0x1f8 .\CortexM3\ARM_GCC_493\Debug\Tic Tac Toe.a(CySpc.o)
 .debug_frame   0x000023b0       0x20 c:/program files (x86)/cypress/psoc creator/3.3/psoc creator/import/gnu/arm/4.9.3/bin/../lib/gcc/arm-none-eabi/4.9.3/../../../../arm-none-eabi/lib/armv7-m\libg_nano.a(lib_a-errno.o)
 .debug_frame   0x000023d0       0x28 c:/program files (x86)/cypress/psoc creator/3.3/psoc creator/import/gnu/arm/4.9.3/bin/../lib/gcc/arm-none-eabi/4.9.3/../../../../arm-none-eabi/lib/armv7-m\libg_nano.a(lib_a-exit.o)
 .debug_frame   0x000023f8       0x2c c:/program files (x86)/cypress/psoc creator/3.3/psoc creator/import/gnu/arm/4.9.3/bin/../lib/gcc/arm-none-eabi/4.9.3/../../../../arm-none-eabi/lib/armv7-m\libg_nano.a(lib_a-init.o)
 .debug_frame   0x00002424       0x30 c:/program files (x86)/cypress/psoc creator/3.3/psoc creator/import/gnu/arm/4.9.3/bin/../lib/gcc/arm-none-eabi/4.9.3/../../../../arm-none-eabi/lib/armv7-m\libg_nano.a(lib_a-malloc.o)
 .debug_frame   0x00002454       0x28 c:/program files (x86)/cypress/psoc creator/3.3/psoc creator/import/gnu/arm/4.9.3/bin/../lib/gcc/arm-none-eabi/4.9.3/../../../../arm-none-eabi/lib/armv7-m\libg_nano.a(lib_a-memcpy.o)
 .debug_frame   0x0000247c       0x20 c:/program files (x86)/cypress/psoc creator/3.3/psoc creator/import/gnu/arm/4.9.3/bin/../lib/gcc/arm-none-eabi/4.9.3/../../../../arm-none-eabi/lib/armv7-m\libg_nano.a(lib_a-memset.o)
 .debug_frame   0x0000249c       0x2c c:/program files (x86)/cypress/psoc creator/3.3/psoc creator/import/gnu/arm/4.9.3/bin/../lib/gcc/arm-none-eabi/4.9.3/../../../../arm-none-eabi/lib/armv7-m\libg_nano.a(lib_a-nano-freer.o)
 .debug_frame   0x000024c8       0x2c c:/program files (x86)/cypress/psoc creator/3.3/psoc creator/import/gnu/arm/4.9.3/bin/../lib/gcc/arm-none-eabi/4.9.3/../../../../arm-none-eabi/lib/armv7-m\libg_nano.a(lib_a-nano-mallocr.o)
 .debug_frame   0x000024f4       0x74 c:/program files (x86)/cypress/psoc creator/3.3/psoc creator/import/gnu/arm/4.9.3/bin/../lib/gcc/arm-none-eabi/4.9.3/../../../../arm-none-eabi/lib/armv7-m\libg_nano.a(lib_a-printf.o)
 .debug_frame   0x00002568       0x58 c:/program files (x86)/cypress/psoc creator/3.3/psoc creator/import/gnu/arm/4.9.3/bin/../lib/gcc/arm-none-eabi/4.9.3/../../../../arm-none-eabi/lib/armv7-m\libg_nano.a(lib_a-putchar.o)
 .debug_frame   0x000025c0       0x44 c:/program files (x86)/cypress/psoc creator/3.3/psoc creator/import/gnu/arm/4.9.3/bin/../lib/gcc/arm-none-eabi/4.9.3/../../../../arm-none-eabi/lib/armv7-m\libg_nano.a(lib_a-rand.o)
 .debug_frame   0x00002604       0x2c c:/program files (x86)/cypress/psoc creator/3.3/psoc creator/import/gnu/arm/4.9.3/bin/../lib/gcc/arm-none-eabi/4.9.3/../../../../arm-none-eabi/lib/armv7-m\libg_nano.a(lib_a-sbrkr.o)
 .debug_frame   0x00002630       0x74 c:/program files (x86)/cypress/psoc creator/3.3/psoc creator/import/gnu/arm/4.9.3/bin/../lib/gcc/arm-none-eabi/4.9.3/../../../../arm-none-eabi/lib/armv7-m\libg_nano.a(lib_a-scanf.o)
 .debug_frame   0x000026a4      0x11c c:/program files (x86)/cypress/psoc creator/3.3/psoc creator/import/gnu/arm/4.9.3/bin/../lib/gcc/arm-none-eabi/4.9.3/../../../../arm-none-eabi/lib/armv7-m\libg_nano.a(lib_a-findfp.o)
 .debug_frame   0x000027c0       0x54 c:/program files (x86)/cypress/psoc creator/3.3/psoc creator/import/gnu/arm/4.9.3/bin/../lib/gcc/arm-none-eabi/4.9.3/../../../../arm-none-eabi/lib/armv7-m\libg_nano.a(lib_a-fwalk.o)
 .debug_frame   0x00002814       0xb8 c:/program files (x86)/cypress/psoc creator/3.3/psoc creator/import/gnu/arm/4.9.3/bin/../lib/gcc/arm-none-eabi/4.9.3/../../../../arm-none-eabi/lib/armv7-m\libg_nano.a(lib_a-nano-vfprintf.o)
 .debug_frame   0x000028cc       0x58 c:/program files (x86)/cypress/psoc creator/3.3/psoc creator/import/gnu/arm/4.9.3/bin/../lib/gcc/arm-none-eabi/4.9.3/../../../../arm-none-eabi/lib/armv7-m\libg_nano.a(lib_a-nano-vfprintf_i.o)
 .debug_frame   0x00002924       0xac c:/program files (x86)/cypress/psoc creator/3.3/psoc creator/import/gnu/arm/4.9.3/bin/../lib/gcc/arm-none-eabi/4.9.3/../../../../arm-none-eabi/lib/armv7-m\libg_nano.a(lib_a-nano-vfscanf.o)
 .debug_frame   0x000029d0       0x5c c:/program files (x86)/cypress/psoc creator/3.3/psoc creator/import/gnu/arm/4.9.3/bin/../lib/gcc/arm-none-eabi/4.9.3/../../../../arm-none-eabi/lib/armv7-m\libg_nano.a(lib_a-nano-vfscanf_i.o)
 .debug_frame   0x00002a2c       0x48 c:/program files (x86)/cypress/psoc creator/3.3/psoc creator/import/gnu/arm/4.9.3/bin/../lib/gcc/arm-none-eabi/4.9.3/../../../../arm-none-eabi/lib/armv7-m\libg_nano.a(lib_a-putc.o)
 .debug_frame   0x00002a74       0x5c c:/program files (x86)/cypress/psoc creator/3.3/psoc creator/import/gnu/arm/4.9.3/bin/../lib/gcc/arm-none-eabi/4.9.3/../../../../arm-none-eabi/lib/armv7-m\libg_nano.a(lib_a-reent.o)
 .debug_frame   0x00002ad0       0x40 c:/program files (x86)/cypress/psoc creator/3.3/psoc creator/import/gnu/arm/4.9.3/bin/../lib/gcc/arm-none-eabi/4.9.3/../../../../arm-none-eabi/lib/armv7-m\libg_nano.a(lib_a-refill.o)
 .debug_frame   0x00002b10       0x30 c:/program files (x86)/cypress/psoc creator/3.3/psoc creator/import/gnu/arm/4.9.3/bin/../lib/gcc/arm-none-eabi/4.9.3/../../../../arm-none-eabi/lib/armv7-m\libg_nano.a(lib_a-sccl.o)
 .debug_frame   0x00002b40       0x88 c:/program files (x86)/cypress/psoc creator/3.3/psoc creator/import/gnu/arm/4.9.3/bin/../lib/gcc/arm-none-eabi/4.9.3/../../../../arm-none-eabi/lib/armv7-m\libg_nano.a(lib_a-stdio.o)
 .debug_frame   0x00002bc8       0x54 c:/program files (x86)/cypress/psoc creator/3.3/psoc creator/import/gnu/arm/4.9.3/bin/../lib/gcc/arm-none-eabi/4.9.3/../../../../arm-none-eabi/lib/armv7-m\libg_nano.a(lib_a-strtol.o)
 .debug_frame   0x00002c1c       0x54 c:/program files (x86)/cypress/psoc creator/3.3/psoc creator/import/gnu/arm/4.9.3/bin/../lib/gcc/arm-none-eabi/4.9.3/../../../../arm-none-eabi/lib/armv7-m\libg_nano.a(lib_a-strtoul.o)
 .debug_frame   0x00002c70       0x5c c:/program files (x86)/cypress/psoc creator/3.3/psoc creator/import/gnu/arm/4.9.3/bin/../lib/gcc/arm-none-eabi/4.9.3/../../../../arm-none-eabi/lib/armv7-m\libg_nano.a(lib_a-ungetc.o)
 .debug_frame   0x00002ccc       0x3c c:/program files (x86)/cypress/psoc creator/3.3/psoc creator/import/gnu/arm/4.9.3/bin/../lib/gcc/arm-none-eabi/4.9.3/../../../../arm-none-eabi/lib/armv7-m\libg_nano.a(lib_a-wbuf.o)
 .debug_frame   0x00002d08       0x2c c:/program files (x86)/cypress/psoc creator/3.3/psoc creator/import/gnu/arm/4.9.3/bin/../lib/gcc/arm-none-eabi/4.9.3/../../../../arm-none-eabi/lib/armv7-m\libg_nano.a(lib_a-writer.o)
 .debug_frame   0x00002d34       0x2c c:/program files (x86)/cypress/psoc creator/3.3/psoc creator/import/gnu/arm/4.9.3/bin/../lib/gcc/arm-none-eabi/4.9.3/../../../../arm-none-eabi/lib/armv7-m\libg_nano.a(lib_a-wsetup.o)
 .debug_frame   0x00002d60       0x2c c:/program files (x86)/cypress/psoc creator/3.3/psoc creator/import/gnu/arm/4.9.3/bin/../lib/gcc/arm-none-eabi/4.9.3/../../../../arm-none-eabi/lib/armv7-m\libg_nano.a(lib_a-closer.o)
 .debug_frame   0x00002d8c       0x68 c:/program files (x86)/cypress/psoc creator/3.3/psoc creator/import/gnu/arm/4.9.3/bin/../lib/gcc/arm-none-eabi/4.9.3/../../../../arm-none-eabi/lib/armv7-m\libg_nano.a(lib_a-fflush.o)
 .debug_frame   0x00002df4       0x3c c:/program files (x86)/cypress/psoc creator/3.3/psoc creator/import/gnu/arm/4.9.3/bin/../lib/gcc/arm-none-eabi/4.9.3/../../../../arm-none-eabi/lib/armv7-m\libg_nano.a(lib_a-fvwrite.o)
 .debug_frame   0x00002e30       0x2c c:/program files (x86)/cypress/psoc creator/3.3/psoc creator/import/gnu/arm/4.9.3/bin/../lib/gcc/arm-none-eabi/4.9.3/../../../../arm-none-eabi/lib/armv7-m\libg_nano.a(lib_a-lseekr.o)
 .debug_frame   0x00002e5c       0x34 c:/program files (x86)/cypress/psoc creator/3.3/psoc creator/import/gnu/arm/4.9.3/bin/../lib/gcc/arm-none-eabi/4.9.3/../../../../arm-none-eabi/lib/armv7-m\libg_nano.a(lib_a-makebuf.o)
 .debug_frame   0x00002e90       0x28 c:/program files (x86)/cypress/psoc creator/3.3/psoc creator/import/gnu/arm/4.9.3/bin/../lib/gcc/arm-none-eabi/4.9.3/../../../../arm-none-eabi/lib/armv7-m\libg_nano.a(lib_a-memchr.o)
 .debug_frame   0x00002eb8       0x28 c:/program files (x86)/cypress/psoc creator/3.3/psoc creator/import/gnu/arm/4.9.3/bin/../lib/gcc/arm-none-eabi/4.9.3/../../../../arm-none-eabi/lib/armv7-m\libg_nano.a(lib_a-memmove.o)
 .debug_frame   0x00002ee0       0x3c c:/program files (x86)/cypress/psoc creator/3.3/psoc creator/import/gnu/arm/4.9.3/bin/../lib/gcc/arm-none-eabi/4.9.3/../../../../arm-none-eabi/lib/armv7-m\libg_nano.a(lib_a-nano-reallocr.o)
 .debug_frame   0x00002f1c       0x2c c:/program files (x86)/cypress/psoc creator/3.3/psoc creator/import/gnu/arm/4.9.3/bin/../lib/gcc/arm-none-eabi/4.9.3/../../../../arm-none-eabi/lib/armv7-m\libg_nano.a(lib_a-readr.o)
 .debug_frame   0x00002f48       0x2c c:/program files (x86)/cypress/psoc creator/3.3/psoc creator/import/gnu/arm/4.9.3/bin/../lib/gcc/arm-none-eabi/4.9.3/../../../../arm-none-eabi/lib/armv7-m\libg_nano.a(lib_a-fstatr.o)
 .debug_frame   0x00002f74       0x2c c:/program files (x86)/cypress/psoc creator/3.3/psoc creator/import/gnu/arm/4.9.3/bin/../lib/gcc/arm-none-eabi/4.9.3/../../../../arm-none-eabi/lib/armv7-m\libg_nano.a(lib_a-isattyr.o)
 .debug_frame   0x00002fa0       0x20 c:/program files (x86)/cypress/psoc creator/3.3/psoc creator/import/gnu/arm/4.9.3/bin/../lib/gcc/arm-none-eabi/4.9.3/../../../../arm-none-eabi/lib/armv7-m\libg_nano.a(lib_a-nano-msizer.o)
 .debug_frame   0x00002fc0       0x20 c:/program files (x86)/cypress/psoc creator/3.3/psoc creator/import/gnu/arm/4.9.3/bin/../lib/gcc/arm-none-eabi/4.9.3/../../../../arm-none-eabi/lib/armv7-m\libnosys.a(close.o)
 .debug_frame   0x00002fe0       0x20 c:/program files (x86)/cypress/psoc creator/3.3/psoc creator/import/gnu/arm/4.9.3/bin/../lib/gcc/arm-none-eabi/4.9.3/../../../../arm-none-eabi/lib/armv7-m\libnosys.a(fstat.o)
 .debug_frame   0x00003000       0x20 c:/program files (x86)/cypress/psoc creator/3.3/psoc creator/import/gnu/arm/4.9.3/bin/../lib/gcc/arm-none-eabi/4.9.3/../../../../arm-none-eabi/lib/armv7-m\libnosys.a(isatty.o)
 .debug_frame   0x00003020       0x20 c:/program files (x86)/cypress/psoc creator/3.3/psoc creator/import/gnu/arm/4.9.3/bin/../lib/gcc/arm-none-eabi/4.9.3/../../../../arm-none-eabi/lib/armv7-m\libnosys.a(lseek.o)
 .debug_frame   0x00003040       0x20 c:/program files (x86)/cypress/psoc creator/3.3/psoc creator/import/gnu/arm/4.9.3/bin/../lib/gcc/arm-none-eabi/4.9.3/../../../../arm-none-eabi/lib/armv7-m\libnosys.a(read.o)
 .debug_frame   0x00003060       0x20 c:/program files (x86)/cypress/psoc creator/3.3/psoc creator/import/gnu/arm/4.9.3/bin/../lib/gcc/arm-none-eabi/4.9.3/../../../../arm-none-eabi/lib/armv7-m\libnosys.a(write.o)

.debug_str      0x00000000     0x1bf4
 *(.debug_str)
 .debug_str     0x00000000      0x232 .\CortexM3\ARM_GCC_493\Debug\main.o
                                0x2a6 (size before relaxing)
 .debug_str     0x00000232      0x199 .\CortexM3\ARM_GCC_493\Debug\tic_tac_all.o
                                0x3e1 (size before relaxing)
 .debug_str     0x000003cb       0xa7 .\CortexM3\ARM_GCC_493\Debug\disp.o
                                0x29e (size before relaxing)
 .debug_str     0x00000472       0x29 .\CortexM3\ARM_GCC_493\Debug\8051_read.o
                                0x1fd (size before relaxing)
 .debug_str     0x0000049b       0x10 .\CortexM3\ARM_GCC_493\Debug\tic_tac_toe.o
                                0x103 (size before relaxing)
 .debug_str     0x000004ab        0xf .\CortexM3\ARM_GCC_493\Debug\tic_tac_ai.o
                                0x102 (size before relaxing)
 .debug_str     0x000004ba      0x132 .\CortexM3\ARM_GCC_493\Debug\Cm3Start.o
                                0x2f0 (size before relaxing)
 .debug_str     0x000005ec       0x77 .\CortexM3\ARM_GCC_493\Debug\cymetadata.o
                                0x20f (size before relaxing)
 .debug_str     0x00000663      0x186 .\CortexM3\ARM_GCC_493\Debug\Tic Tac Toe.a(cyfitter_cfg.o)
                                0x351 (size before relaxing)
 .debug_str     0x000007e9      0x7e8 .\CortexM3\ARM_GCC_493\Debug\Tic Tac Toe.a(CyLib.o)
                                0x9eb (size before relaxing)
 .debug_str     0x00000fd1      0x367 .\CortexM3\ARM_GCC_493\Debug\Tic Tac Toe.a(cyPm.o)
                                0x550 (size before relaxing)
 .debug_str     0x00001338      0x16a .\CortexM3\ARM_GCC_493\Debug\Tic Tac Toe.a(LCD.o)
                                0x332 (size before relaxing)
 .debug_str     0x000014a2      0x275 .\CortexM3\ARM_GCC_493\Debug\Tic Tac Toe.a(UART.o)
                                0x43a (size before relaxing)
 .debug_str     0x00001717      0x1ac .\CortexM3\ARM_GCC_493\Debug\Tic Tac Toe.a(UART_IntClock.o)
                                0x35b (size before relaxing)
 .debug_str     0x000018c3       0x63 .\CortexM3\ARM_GCC_493\Debug\Tic Tac Toe.a(Pin3.o)
                                0x202 (size before relaxing)
 .debug_str     0x00001926       0x6c .\CortexM3\ARM_GCC_493\Debug\Tic Tac Toe.a(PinNoise.o)
                                0x216 (size before relaxing)
 .debug_str     0x00001992      0x147 .\CortexM3\ARM_GCC_493\Debug\Tic Tac Toe.a(CyFlash.o)
                                0x30f (size before relaxing)
 .debug_str     0x00001ad9      0x11b .\CortexM3\ARM_GCC_493\Debug\Tic Tac Toe.a(CySpc.o)
                                0x30c (size before relaxing)

.debug_loc
 *(.debug_loc)

.debug_macinfo
 *(.debug_macinfo)

.debug_ranges   0x00000000      0x7c0
 *(.debug_ranges)
 .debug_ranges  0x00000000       0x28 .\CortexM3\ARM_GCC_493\Debug\main.o
 .debug_ranges  0x00000028       0xb0 .\CortexM3\ARM_GCC_493\Debug\tic_tac_all.o
 .debug_ranges  0x000000d8       0x48 .\CortexM3\ARM_GCC_493\Debug\disp.o
 .debug_ranges  0x00000120       0x18 .\CortexM3\ARM_GCC_493\Debug\8051_read.o
 .debug_ranges  0x00000138       0x38 .\CortexM3\ARM_GCC_493\Debug\Cm3Start.o
 .debug_ranges  0x00000170       0x50 .\CortexM3\ARM_GCC_493\Debug\Tic Tac Toe.a(cyfitter_cfg.o)
 .debug_ranges  0x000001c0      0x288 .\CortexM3\ARM_GCC_493\Debug\Tic Tac Toe.a(CyLib.o)
 .debug_ranges  0x00000448       0x88 .\CortexM3\ARM_GCC_493\Debug\Tic Tac Toe.a(cyPm.o)
 .debug_ranges  0x000004d0       0x88 .\CortexM3\ARM_GCC_493\Debug\Tic Tac Toe.a(LCD.o)
 .debug_ranges  0x00000558       0xe0 .\CortexM3\ARM_GCC_493\Debug\Tic Tac Toe.a(UART.o)
 .debug_ranges  0x00000638       0x60 .\CortexM3\ARM_GCC_493\Debug\Tic Tac Toe.a(UART_IntClock.o)
 .debug_ranges  0x00000698       0x28 .\CortexM3\ARM_GCC_493\Debug\Tic Tac Toe.a(Pin3.o)
 .debug_ranges  0x000006c0       0x28 .\CortexM3\ARM_GCC_493\Debug\Tic Tac Toe.a(PinNoise.o)
 .debug_ranges  0x000006e8       0x70 .\CortexM3\ARM_GCC_493\Debug\Tic Tac Toe.a(CyFlash.o)
 .debug_ranges  0x00000758       0x68 .\CortexM3\ARM_GCC_493\Debug\Tic Tac Toe.a(CySpc.o)

.comment        0x00000000       0x70
 .comment       0x00000000       0x70 .\CortexM3\ARM_GCC_493\Debug\main.o
                                 0x71 (size before relaxing)
 .comment       0x00000000       0x71 .\CortexM3\ARM_GCC_493\Debug\tic_tac_all.o
 .comment       0x00000000       0x71 .\CortexM3\ARM_GCC_493\Debug\disp.o
 .comment       0x00000000       0x71 .\CortexM3\ARM_GCC_493\Debug\8051_read.o
 .comment       0x00000000       0x71 .\CortexM3\ARM_GCC_493\Debug\tic_tac_toe.o
 .comment       0x00000000       0x71 .\CortexM3\ARM_GCC_493\Debug\tic_tac_ai.o
 .comment       0x00000000       0x71 .\CortexM3\ARM_GCC_493\Debug\Cm3Start.o
 .comment       0x00000000       0x71 .\CortexM3\ARM_GCC_493\Debug\cymetadata.o
 .comment       0x00000000       0x71 .\CortexM3\ARM_GCC_493\Debug\Tic Tac Toe.a(cyfitter_cfg.o)
 .comment       0x00000000       0x71 .\CortexM3\ARM_GCC_493\Debug\Tic Tac Toe.a(CyLib.o)
 .comment       0x00000000       0x71 .\CortexM3\ARM_GCC_493\Debug\Tic Tac Toe.a(cyPm.o)
 .comment       0x00000000       0x71 .\CortexM3\ARM_GCC_493\Debug\Tic Tac Toe.a(LCD.o)
 .comment       0x00000000       0x71 .\CortexM3\ARM_GCC_493\Debug\Tic Tac Toe.a(UART.o)
 .comment       0x00000000       0x71 .\CortexM3\ARM_GCC_493\Debug\Tic Tac Toe.a(UART_IntClock.o)
 .comment       0x00000000       0x71 .\CortexM3\ARM_GCC_493\Debug\Tic Tac Toe.a(Pin3.o)
 .comment       0x00000000       0x71 .\CortexM3\ARM_GCC_493\Debug\Tic Tac Toe.a(PinNoise.o)
 .comment       0x00000000       0x71 .\CortexM3\ARM_GCC_493\Debug\Tic Tac Toe.a(CyFlash.o)
 .comment       0x00000000       0x71 .\CortexM3\ARM_GCC_493\Debug\Tic Tac Toe.a(CySpc.o)

.debug_weaknames
 *(.debug_weaknames)

.debug_funcnames
 *(.debug_funcnames)

.debug_typenames
 *(.debug_typenames)

.debug_varnames
 *(.debug_varnames)

.note.gnu.arm.ident
 *(.note.gnu.arm.ident)

.ARM.attributes
                0x00000000       0x29
 *(.ARM.attributes)
 .ARM.attributes
                0x00000000       0x1d c:/program files (x86)/cypress/psoc creator/3.3/psoc creator/import/gnu/arm/4.9.3/bin/../lib/gcc/arm-none-eabi/4.9.3/armv7-m/crti.o
 .ARM.attributes
                0x0000001d       0x2d c:/program files (x86)/cypress/psoc creator/3.3/psoc creator/import/gnu/arm/4.9.3/bin/../lib/gcc/arm-none-eabi/4.9.3/armv7-m/crtbegin.o
 .ARM.attributes
                0x0000004a       0x1b c:/program files (x86)/cypress/psoc creator/3.3/psoc creator/import/gnu/arm/4.9.3/bin/../lib/gcc/arm-none-eabi/4.9.3/../../../../arm-none-eabi/lib/armv7-m/crt0.o
 .ARM.attributes
                0x00000065       0x33 .\CortexM3\ARM_GCC_493\Debug\main.o
 .ARM.attributes
                0x00000098       0x33 .\CortexM3\ARM_GCC_493\Debug\tic_tac_all.o
 .ARM.attributes
                0x000000cb       0x33 .\CortexM3\ARM_GCC_493\Debug\disp.o
 .ARM.attributes
                0x000000fe       0x33 .\CortexM3\ARM_GCC_493\Debug\8051_read.o
 .ARM.attributes
                0x00000131       0x33 .\CortexM3\ARM_GCC_493\Debug\tic_tac_toe.o
 .ARM.attributes
                0x00000164       0x33 .\CortexM3\ARM_GCC_493\Debug\tic_tac_ai.o
 .ARM.attributes
                0x00000197       0x33 .\CortexM3\ARM_GCC_493\Debug\Cm3Start.o
 .ARM.attributes
                0x000001ca       0x33 .\CortexM3\ARM_GCC_493\Debug\cymetadata.o
 .ARM.attributes
                0x000001fd       0x33 .\CortexM3\ARM_GCC_493\Debug\Tic Tac Toe.a(cyfitter_cfg.o)
 .ARM.attributes
                0x00000230       0x21 .\CortexM3\ARM_GCC_493\Debug\Tic Tac Toe.a(CyBootAsmGnu.o)
 .ARM.attributes
                0x00000251       0x33 .\CortexM3\ARM_GCC_493\Debug\Tic Tac Toe.a(CyLib.o)
 .ARM.attributes
                0x00000284       0x33 .\CortexM3\ARM_GCC_493\Debug\Tic Tac Toe.a(cyPm.o)
 .ARM.attributes
                0x000002b7       0x33 .\CortexM3\ARM_GCC_493\Debug\Tic Tac Toe.a(LCD.o)
 .ARM.attributes
                0x000002ea       0x33 .\CortexM3\ARM_GCC_493\Debug\Tic Tac Toe.a(UART.o)
 .ARM.attributes
                0x0000031d       0x33 .\CortexM3\ARM_GCC_493\Debug\Tic Tac Toe.a(UART_IntClock.o)
 .ARM.attributes
                0x00000350       0x33 .\CortexM3\ARM_GCC_493\Debug\Tic Tac Toe.a(Pin3.o)
 .ARM.attributes
                0x00000383       0x33 .\CortexM3\ARM_GCC_493\Debug\Tic Tac Toe.a(PinNoise.o)
 .ARM.attributes
                0x000003b6       0x33 .\CortexM3\ARM_GCC_493\Debug\Tic Tac Toe.a(CyFlash.o)
 .ARM.attributes
                0x000003e9       0x33 .\CortexM3\ARM_GCC_493\Debug\Tic Tac Toe.a(CySpc.o)
 .ARM.attributes
                0x0000041c       0x2d c:/program files (x86)/cypress/psoc creator/3.3/psoc creator/import/gnu/arm/4.9.3/bin/../lib/gcc/arm-none-eabi/4.9.3/../../../../arm-none-eabi/lib/armv7-m\libg_nano.a(lib_a-errno.o)
 .ARM.attributes
                0x00000449       0x2d c:/program files (x86)/cypress/psoc creator/3.3/psoc creator/import/gnu/arm/4.9.3/bin/../lib/gcc/arm-none-eabi/4.9.3/../../../../arm-none-eabi/lib/armv7-m\libg_nano.a(lib_a-exit.o)
 .ARM.attributes
                0x00000476       0x2d c:/program files (x86)/cypress/psoc creator/3.3/psoc creator/import/gnu/arm/4.9.3/bin/../lib/gcc/arm-none-eabi/4.9.3/../../../../arm-none-eabi/lib/armv7-m\libg_nano.a(lib_a-impure.o)
 .ARM.attributes
                0x000004a3       0x2d c:/program files (x86)/cypress/psoc creator/3.3/psoc creator/import/gnu/arm/4.9.3/bin/../lib/gcc/arm-none-eabi/4.9.3/../../../../arm-none-eabi/lib/armv7-m\libg_nano.a(lib_a-init.o)
 .ARM.attributes
                0x000004d0       0x2d c:/program files (x86)/cypress/psoc creator/3.3/psoc creator/import/gnu/arm/4.9.3/bin/../lib/gcc/arm-none-eabi/4.9.3/../../../../arm-none-eabi/lib/armv7-m\libg_nano.a(lib_a-malloc.o)
 .ARM.attributes
                0x000004fd       0x2d c:/program files (x86)/cypress/psoc creator/3.3/psoc creator/import/gnu/arm/4.9.3/bin/../lib/gcc/arm-none-eabi/4.9.3/../../../../arm-none-eabi/lib/armv7-m\libg_nano.a(lib_a-memcpy.o)
 .ARM.attributes
                0x0000052a       0x2d c:/program files (x86)/cypress/psoc creator/3.3/psoc creator/import/gnu/arm/4.9.3/bin/../lib/gcc/arm-none-eabi/4.9.3/../../../../arm-none-eabi/lib/armv7-m\libg_nano.a(lib_a-memset.o)
 .ARM.attributes
                0x00000557       0x2d c:/program files (x86)/cypress/psoc creator/3.3/psoc creator/import/gnu/arm/4.9.3/bin/../lib/gcc/arm-none-eabi/4.9.3/../../../../arm-none-eabi/lib/armv7-m\libg_nano.a(lib_a-nano-freer.o)
 .ARM.attributes
                0x00000584       0x2d c:/program files (x86)/cypress/psoc creator/3.3/psoc creator/import/gnu/arm/4.9.3/bin/../lib/gcc/arm-none-eabi/4.9.3/../../../../arm-none-eabi/lib/armv7-m\libg_nano.a(lib_a-nano-mallocr.o)
 .ARM.attributes
                0x000005b1       0x2d c:/program files (x86)/cypress/psoc creator/3.3/psoc creator/import/gnu/arm/4.9.3/bin/../lib/gcc/arm-none-eabi/4.9.3/../../../../arm-none-eabi/lib/armv7-m\libg_nano.a(lib_a-printf.o)
 .ARM.attributes
                0x000005de       0x2d c:/program files (x86)/cypress/psoc creator/3.3/psoc creator/import/gnu/arm/4.9.3/bin/../lib/gcc/arm-none-eabi/4.9.3/../../../../arm-none-eabi/lib/armv7-m\libg_nano.a(lib_a-putchar.o)
 .ARM.attributes
                0x0000060b       0x2d c:/program files (x86)/cypress/psoc creator/3.3/psoc creator/import/gnu/arm/4.9.3/bin/../lib/gcc/arm-none-eabi/4.9.3/../../../../arm-none-eabi/lib/armv7-m\libg_nano.a(lib_a-rand.o)
 .ARM.attributes
                0x00000638       0x2d c:/program files (x86)/cypress/psoc creator/3.3/psoc creator/import/gnu/arm/4.9.3/bin/../lib/gcc/arm-none-eabi/4.9.3/../../../../arm-none-eabi/lib/armv7-m\libg_nano.a(lib_a-sbrkr.o)
 .ARM.attributes
                0x00000665       0x2d c:/program files (x86)/cypress/psoc creator/3.3/psoc creator/import/gnu/arm/4.9.3/bin/../lib/gcc/arm-none-eabi/4.9.3/../../../../arm-none-eabi/lib/armv7-m\libg_nano.a(lib_a-scanf.o)
 .ARM.attributes
                0x00000692       0x2d c:/program files (x86)/cypress/psoc creator/3.3/psoc creator/import/gnu/arm/4.9.3/bin/../lib/gcc/arm-none-eabi/4.9.3/../../../../arm-none-eabi/lib/armv7-m\libg_nano.a(lib_a-findfp.o)
 .ARM.attributes
                0x000006bf       0x2d c:/program files (x86)/cypress/psoc creator/3.3/psoc creator/import/gnu/arm/4.9.3/bin/../lib/gcc/arm-none-eabi/4.9.3/../../../../arm-none-eabi/lib/armv7-m\libg_nano.a(lib_a-fwalk.o)
 .ARM.attributes
                0x000006ec       0x2d c:/program files (x86)/cypress/psoc creator/3.3/psoc creator/import/gnu/arm/4.9.3/bin/../lib/gcc/arm-none-eabi/4.9.3/../../../../arm-none-eabi/lib/armv7-m\libg_nano.a(lib_a-nano-vfprintf.o)
 .ARM.attributes
                0x00000719       0x2d c:/program files (x86)/cypress/psoc creator/3.3/psoc creator/import/gnu/arm/4.9.3/bin/../lib/gcc/arm-none-eabi/4.9.3/../../../../arm-none-eabi/lib/armv7-m\libg_nano.a(lib_a-nano-vfprintf_i.o)
 .ARM.attributes
                0x00000746       0x2d c:/program files (x86)/cypress/psoc creator/3.3/psoc creator/import/gnu/arm/4.9.3/bin/../lib/gcc/arm-none-eabi/4.9.3/../../../../arm-none-eabi/lib/armv7-m\libg_nano.a(lib_a-nano-vfscanf.o)
 .ARM.attributes
                0x00000773       0x2d c:/program files (x86)/cypress/psoc creator/3.3/psoc creator/import/gnu/arm/4.9.3/bin/../lib/gcc/arm-none-eabi/4.9.3/../../../../arm-none-eabi/lib/armv7-m\libg_nano.a(lib_a-nano-vfscanf_i.o)
 .ARM.attributes
                0x000007a0       0x2d c:/program files (x86)/cypress/psoc creator/3.3/psoc creator/import/gnu/arm/4.9.3/bin/../lib/gcc/arm-none-eabi/4.9.3/../../../../arm-none-eabi/lib/armv7-m\libg_nano.a(lib_a-putc.o)
 .ARM.attributes
                0x000007cd       0x2d c:/program files (x86)/cypress/psoc creator/3.3/psoc creator/import/gnu/arm/4.9.3/bin/../lib/gcc/arm-none-eabi/4.9.3/../../../../arm-none-eabi/lib/armv7-m\libg_nano.a(lib_a-reent.o)
 .ARM.attributes
                0x000007fa       0x2d c:/program files (x86)/cypress/psoc creator/3.3/psoc creator/import/gnu/arm/4.9.3/bin/../lib/gcc/arm-none-eabi/4.9.3/../../../../arm-none-eabi/lib/armv7-m\libg_nano.a(lib_a-refill.o)
 .ARM.attributes
                0x00000827       0x2d c:/program files (x86)/cypress/psoc creator/3.3/psoc creator/import/gnu/arm/4.9.3/bin/../lib/gcc/arm-none-eabi/4.9.3/../../../../arm-none-eabi/lib/armv7-m\libg_nano.a(lib_a-sccl.o)
 .ARM.attributes
                0x00000854       0x2d c:/program files (x86)/cypress/psoc creator/3.3/psoc creator/import/gnu/arm/4.9.3/bin/../lib/gcc/arm-none-eabi/4.9.3/../../../../arm-none-eabi/lib/armv7-m\libg_nano.a(lib_a-stdio.o)
 .ARM.attributes
                0x00000881       0x2d c:/program files (x86)/cypress/psoc creator/3.3/psoc creator/import/gnu/arm/4.9.3/bin/../lib/gcc/arm-none-eabi/4.9.3/../../../../arm-none-eabi/lib/armv7-m\libg_nano.a(lib_a-strtol.o)
 .ARM.attributes
                0x000008ae       0x2d c:/program files (x86)/cypress/psoc creator/3.3/psoc creator/import/gnu/arm/4.9.3/bin/../lib/gcc/arm-none-eabi/4.9.3/../../../../arm-none-eabi/lib/armv7-m\libg_nano.a(lib_a-strtoul.o)
 .ARM.attributes
                0x000008db       0x2d c:/program files (x86)/cypress/psoc creator/3.3/psoc creator/import/gnu/arm/4.9.3/bin/../lib/gcc/arm-none-eabi/4.9.3/../../../../arm-none-eabi/lib/armv7-m\libg_nano.a(lib_a-ungetc.o)
 .ARM.attributes
                0x00000908       0x2d c:/program files (x86)/cypress/psoc creator/3.3/psoc creator/import/gnu/arm/4.9.3/bin/../lib/gcc/arm-none-eabi/4.9.3/../../../../arm-none-eabi/lib/armv7-m\libg_nano.a(lib_a-wbuf.o)
 .ARM.attributes
                0x00000935       0x2d c:/program files (x86)/cypress/psoc creator/3.3/psoc creator/import/gnu/arm/4.9.3/bin/../lib/gcc/arm-none-eabi/4.9.3/../../../../arm-none-eabi/lib/armv7-m\libg_nano.a(lib_a-writer.o)
 .ARM.attributes
                0x00000962       0x2d c:/program files (x86)/cypress/psoc creator/3.3/psoc creator/import/gnu/arm/4.9.3/bin/../lib/gcc/arm-none-eabi/4.9.3/../../../../arm-none-eabi/lib/armv7-m\libg_nano.a(lib_a-wsetup.o)
 .ARM.attributes
                0x0000098f       0x2d c:/program files (x86)/cypress/psoc creator/3.3/psoc creator/import/gnu/arm/4.9.3/bin/../lib/gcc/arm-none-eabi/4.9.3/../../../../arm-none-eabi/lib/armv7-m\libg_nano.a(lib_a-closer.o)
 .ARM.attributes
                0x000009bc       0x2d c:/program files (x86)/cypress/psoc creator/3.3/psoc creator/import/gnu/arm/4.9.3/bin/../lib/gcc/arm-none-eabi/4.9.3/../../../../arm-none-eabi/lib/armv7-m\libg_nano.a(lib_a-ctype_.o)
 .ARM.attributes
                0x000009e9       0x2d c:/program files (x86)/cypress/psoc creator/3.3/psoc creator/import/gnu/arm/4.9.3/bin/../lib/gcc/arm-none-eabi/4.9.3/../../../../arm-none-eabi/lib/armv7-m\libg_nano.a(lib_a-fflush.o)
 .ARM.attributes
                0x00000a16       0x2d c:/program files (x86)/cypress/psoc creator/3.3/psoc creator/import/gnu/arm/4.9.3/bin/../lib/gcc/arm-none-eabi/4.9.3/../../../../arm-none-eabi/lib/armv7-m\libg_nano.a(lib_a-fvwrite.o)
 .ARM.attributes
                0x00000a43       0x2d c:/program files (x86)/cypress/psoc creator/3.3/psoc creator/import/gnu/arm/4.9.3/bin/../lib/gcc/arm-none-eabi/4.9.3/../../../../arm-none-eabi/lib/armv7-m\libg_nano.a(lib_a-lseekr.o)
 .ARM.attributes
                0x00000a70       0x2d c:/program files (x86)/cypress/psoc creator/3.3/psoc creator/import/gnu/arm/4.9.3/bin/../lib/gcc/arm-none-eabi/4.9.3/../../../../arm-none-eabi/lib/armv7-m\libg_nano.a(lib_a-makebuf.o)
 .ARM.attributes
                0x00000a9d       0x2d c:/program files (x86)/cypress/psoc creator/3.3/psoc creator/import/gnu/arm/4.9.3/bin/../lib/gcc/arm-none-eabi/4.9.3/../../../../arm-none-eabi/lib/armv7-m\libg_nano.a(lib_a-memchr.o)
 .ARM.attributes
                0x00000aca       0x2d c:/program files (x86)/cypress/psoc creator/3.3/psoc creator/import/gnu/arm/4.9.3/bin/../lib/gcc/arm-none-eabi/4.9.3/../../../../arm-none-eabi/lib/armv7-m\libg_nano.a(lib_a-memmove.o)
 .ARM.attributes
                0x00000af7       0x2d c:/program files (x86)/cypress/psoc creator/3.3/psoc creator/import/gnu/arm/4.9.3/bin/../lib/gcc/arm-none-eabi/4.9.3/../../../../arm-none-eabi/lib/armv7-m\libg_nano.a(lib_a-nano-reallocr.o)
 .ARM.attributes
                0x00000b24       0x2d c:/program files (x86)/cypress/psoc creator/3.3/psoc creator/import/gnu/arm/4.9.3/bin/../lib/gcc/arm-none-eabi/4.9.3/../../../../arm-none-eabi/lib/armv7-m\libg_nano.a(lib_a-readr.o)
 .ARM.attributes
                0x00000b51       0x2d c:/program files (x86)/cypress/psoc creator/3.3/psoc creator/import/gnu/arm/4.9.3/bin/../lib/gcc/arm-none-eabi/4.9.3/../../../../arm-none-eabi/lib/armv7-m\libg_nano.a(lib_a-fstatr.o)
 .ARM.attributes
                0x00000b7e       0x2d c:/program files (x86)/cypress/psoc creator/3.3/psoc creator/import/gnu/arm/4.9.3/bin/../lib/gcc/arm-none-eabi/4.9.3/../../../../arm-none-eabi/lib/armv7-m\libg_nano.a(lib_a-isattyr.o)
 .ARM.attributes
                0x00000bab       0x2d c:/program files (x86)/cypress/psoc creator/3.3/psoc creator/import/gnu/arm/4.9.3/bin/../lib/gcc/arm-none-eabi/4.9.3/../../../../arm-none-eabi/lib/armv7-m\libg_nano.a(lib_a-nano-msizer.o)
 .ARM.attributes
                0x00000bd8       0x2d c:/program files (x86)/cypress/psoc creator/3.3/psoc creator/import/gnu/arm/4.9.3/bin/../lib/gcc/arm-none-eabi/4.9.3/armv7-m/crtend.o
 .ARM.attributes
                0x00000c05       0x1d c:/program files (x86)/cypress/psoc creator/3.3/psoc creator/import/gnu/arm/4.9.3/bin/../lib/gcc/arm-none-eabi/4.9.3/armv7-m/crtn.o
 .ARM.attributes
                0x00000c22       0x2d c:/program files (x86)/cypress/psoc creator/3.3/psoc creator/import/gnu/arm/4.9.3/bin/../lib/gcc/arm-none-eabi/4.9.3/../../../../arm-none-eabi/lib/armv7-m\libnosys.a(close.o)
 .ARM.attributes
                0x00000c4f       0x2d c:/program files (x86)/cypress/psoc creator/3.3/psoc creator/import/gnu/arm/4.9.3/bin/../lib/gcc/arm-none-eabi/4.9.3/../../../../arm-none-eabi/lib/armv7-m\libnosys.a(fstat.o)
 .ARM.attributes
                0x00000c7c       0x2d c:/program files (x86)/cypress/psoc creator/3.3/psoc creator/import/gnu/arm/4.9.3/bin/../lib/gcc/arm-none-eabi/4.9.3/../../../../arm-none-eabi/lib/armv7-m\libnosys.a(isatty.o)
 .ARM.attributes
                0x00000ca9       0x2d c:/program files (x86)/cypress/psoc creator/3.3/psoc creator/import/gnu/arm/4.9.3/bin/../lib/gcc/arm-none-eabi/4.9.3/../../../../arm-none-eabi/lib/armv7-m\libnosys.a(lseek.o)
 .ARM.attributes
                0x00000cd6       0x2d c:/program files (x86)/cypress/psoc creator/3.3/psoc creator/import/gnu/arm/4.9.3/bin/../lib/gcc/arm-none-eabi/4.9.3/../../../../arm-none-eabi/lib/armv7-m\libnosys.a(read.o)
 .ARM.attributes
                0x00000d03       0x2d c:/program files (x86)/cypress/psoc creator/3.3/psoc creator/import/gnu/arm/4.9.3/bin/../lib/gcc/arm-none-eabi/4.9.3/../../../../arm-none-eabi/lib/armv7-m\libnosys.a(write.o)

/DISCARD/
 *(.note.GNU-stack)
OUTPUT(.\CortexM3\ARM_GCC_493\Debug\Tic Tac Toe.elf elf32-littlearm)
